C51 COMPILER V9.60.7.0   PASSWORD                                                          11/30/2023 13:52:19 PAGE 1   


C51 COMPILER V9.60.7.0, COMPILATION OF MODULE PASSWORD
OBJECT MODULE PLACED IN .\Objects\password.obj
COMPILER INVOKED BY: E:\keil\C51\BIN\C51.EXE password.c OPTIMIZE(8,SPEED) BROWSE DEBUG OBJECTEXTEND PRINT(.\Listings\pas
                    -sword.lst) TABS(2) OBJECT(.\Objects\password.obj)

line level    source

   1          #include"lcd.h"
   2          #include"delay.h"
   3          #include<string.h>
   4          #include"password.h"
   5          //#include"eeprom.h"
   6          uchar code str[]="password:";
   7          uchar code str_3[]="change:";
   8          uchar code str_1[]="welcome!";
   9          uchar code str_2[]="wrong";
  10          uchar code clear[]="password:       ";
  11          uchar back[]=" ";
  12          char pass[]="012456";//将密码设置为“123456”；
  13          char input[]="      ";//赋初值，不赋初值会寄
  14          uchar start=0,add=0,last=0,enter=0,flag=1,len=0,clc=0,write=0,len_2=0;
  15          char keyvalue;
  16          uchar code lcd[]={0x31,0x32,0x33,0x50, //1 2 3 P（开始输入,唤醒密码输入功能）
  17                            0x34,0x35,0x36,0x51, //4 5 6 Q（清屏已输入的）
  18                            0x37,0x38,0x39,0x52, //7 8 9 R（回删一位）
  19                            0x20,0x30,0x23,0x53};//  0 # S(enter进入)
  20          void KeyBoard()
  21          {
  22   1        char a=0;
  23   1        P1=0x0f;
  24   1        if(P1!=0x0f)
  25   1        {
  26   2          delay1ms(10);//延时10ms进行消抖
  27   2        if(P1!=0x0f)//再次检查键盘是否按下
  28   2        {
  29   3          add++;//显示在第几个lcd上
  30   3          P1=0xf0;//测试行
  31   3          switch(P1)
  32   3          {
  33   4            case(0x70):keyvalue=0;break;//1行
  34   4            case(0xb0):keyvalue=1;break;//2行
  35   4            case(0xd0):keyvalue=2;break;//3行
  36   4            case(0xe0):keyvalue=3;break;//4行
  37   4          }
  38   3          P1=0x0f;//测试列
  39   3          switch(P1)
  40   3          {
  41   4            case(0x07):keyvalue=keyvalue*4+0;break;//1列
  42   4            case(0x0b):keyvalue=keyvalue*4+1;break;//2列
  43   4            case(0x0d):keyvalue=keyvalue*4+2;break;//3列
  44   4            case(0x0e):keyvalue=keyvalue*4+3;break;//4列
  45   4          }
  46   3          //按键消抖
  47   3          while((a<10)&&(P1!=0xf0))//按键松手检测
  48   3          {
  49   4            delay1ms(10);
  50   4            a++;
  51   4          }
  52   3          
  53   3          if(write==0)
  54   3          {
C51 COMPILER V9.60.7.0   PASSWORD                                                          11/30/2023 13:52:19 PAGE 2   

  55   4          if(keyvalue!=3&&keyvalue!=7&&keyvalue!=11&&keyvalue!=15)
  56   4          {
  57   5            if(len<6)
  58   5            {
  59   6              input[len]=keyvalue+0x30;//必须加0x30
  60   6            }
  61   5            Lcd1602_Write_Cmd(0x88+add);
  62   5            Lcd1602_Write_Data(lcd[keyvalue]);
  63   5            //Lcd1602_Write_Data(0x2a);
  64   5            len++;
  65   5          }
  66   4          }
  67   3          if(write==1)
  68   3          {
  69   4            if(len_2<6)
  70   4            {
  71   5              input[len_2]=keyvalue+0x30;//必须加0x30
  72   5              pass[len_2]=input[len_2];
  73   5            }
  74   4            Lcd1602_Write_Cmd(0xc7+len_2);
  75   4            Lcd1602_Write_Data(lcd[keyvalue]);
  76   4            //Lcd1602_Write_Data(0x2a);
  77   4            len_2++;
  78   4          }
  79   3          
  80   3          if(keyvalue==3)
  81   3          {
  82   4            start=1;
  83   4          }
  84   3          if(keyvalue==7)
  85   3          {
  86   4            clc=1;
  87   4          }
  88   3          if(keyvalue==11)
  89   3          {
  90   4            last=1;
  91   4          }
  92   3          if(keyvalue==15)
  93   3          {
  94   4            enter=1;
  95   4          }
  96   3          if(keyvalue==12)
  97   3          {
  98   4            write=1;
  99   4          }
 100   3          
 101   3          if(keyvalue==3||keyvalue==7||keyvalue==11||keyvalue==15||keyvalue==12)
 102   3          {
 103   4            add--;//不为键值就不后移
 104   4          }
 105   3        }
 106   2       }
 107   1      }
 108          
 109          void begin()
 110          {
 111   1        InitLcd1602();
 112   1        while(1)
 113   1        {
 114   2          KeyBoard();
 115   2          //开始输入密码
 116   2          while(start==1)
C51 COMPILER V9.60.7.0   PASSWORD                                                          11/30/2023 13:52:19 PAGE 3   

 117   2          {
 118   3            display(str);
 119   3            KeyBoard();
 120   3            //整行清除
 121   3            if(clc==1)
 122   3            {
 123   4              display(clear);
 124   4              add=0;
 125   4              len=0;
 126   4              enter=0;
 127   4              clc=0;
 128   4            }
 129   3            //回删一位
 130   3            if(last==1)
 131   3            {
 132   4              Lcd1602_Write_Cmd(0x88+add);
 133   4              Lcd1602_Write_Data(*back);
 134   4              len--;
 135   4              add--;
 136   4              last=0;
 137   4              
 138   4            }
 139   3            
 140   3            //改密码
 141   3            if(write==1)
 142   3            {
 143   4              display_1(str_3);
 144   4              
 145   4              if(len_2==6)
 146   4              {
 147   5                len=0;
 148   5                add=0;
 149   5                write=0;
 150   5              }
 151   4            }
 152   3            
 153   3            //判断密码是否为6位
 154   3            if(len==7&&enter==1||len<6&&enter==1)
 155   3             {
 156   4               display_1(str_2);
 157   4             }
 158   3            if(len==6)
 159   3            {
 160   4              //判断两个数组是否相等
 161   4              if (strcmp(input,pass)==0)
 162   4              {
 163   5                flag=1;
 164   5              }
 165   4              else
 166   4              {
 167   5                flag=0;
 168   5              }
 169   4              if(flag==1&&enter==1)
 170   4              {
 171   5                display_1(str_1);
 172   5                delay1ms(500);
 173   5                InitLcd1602();
 174   5                return;
 175   5              }
 176   4              if(flag==0&&enter==1)
 177   4              {
 178   5                display_1(str_2);
C51 COMPILER V9.60.7.0   PASSWORD                                                          11/30/2023 13:52:19 PAGE 4   

 179   5                add=0;
 180   5                len=0;
 181   5                enter=0;
 182   5              }
 183   4            }
 184   3          }
 185   2        }
 186   1      }


MODULE INFORMATION:   STATIC OVERLAYABLE
   CODE SIZE        =    613    ----
   CONSTANT SIZE    =     66    ----
   XDATA SIZE       =   ----    ----
   PDATA SIZE       =   ----    ----
   DATA SIZE        =     26       1
   IDATA SIZE       =   ----    ----
   BIT SIZE         =   ----    ----
END OF MODULE INFORMATION.


C51 COMPILATION COMPLETE.  0 WARNING(S),  0 ERROR(S)
